variable is not defined: sta
There is variable with similar name present: std
   missing_binding.jsonnet:1:1-5: variable <sta> access