{
   "h1_2": "0a",
   "h1_3": "0a",
   "h1_4": "0a",
   "h2_3": "a1",
   "h2_4": "a1",
   "h3_2": "0a",
   "h3_4": "a1"
}