---
source: crates/jrsonnet-rowan-parser/src/lib.rs
assertion_line: 88
expression: "function(a, b = ) a + b\n"

---
Root@0..24
  FunctionDef@0..24
    KeywordFunction@0..8 "function"
    LParen@8..9 "("
    DefPositionalArg@9..10
      Ident@9..10 "a"
    SymbolComma@10..11 ","
    Whitespace@11..12 " "
    DefNamedArg@12..16
      Ident@12..13 "b"
      Whitespace@13..14 " "
      SymbolAssign@14..15 "="
      Whitespace@15..16 " "
    RParen@16..17 ")"
    Whitespace@17..18 " "
    BodyDef@18..24
      BinOp@18..24
        Ident@18..20
          Ident@18..19 "a"
          Whitespace@19..20 " "
        OpPlus@20..21 "+"
        Whitespace@21..22 " "
        Ident@22..24
          Ident@22..23 "b"
          Whitespace@23..24 "\n"
===
Missing { expected: Named("value"), offset: 15 }
===
  [38;2;255;30;30mÃ—[0m syntax error
   â•­â”€â”€â”€â”€
 [2m1[0m â”‚ function(a, b = ) a + b
   Â· [38;2;246;87;248m               â–²[0m
   Â·                [38;2;246;87;248mâ•°â”€â”€ [38;2;246;87;248mmissing value[0m[0m
   â•°â”€â”€â”€â”€

