---
source: crates/jrsonnet-rowan-parser/src/tests.rs
expression: " "
---
SOURCE_FILE@0..1
  WHITESPACE@0..1 " "
===
Missing { expected: Named("value"), offset: 1 }
===
  x syntax error
   ,----
 1 |  
   `----

