---
source: crates/jrsonnet-rowan-parser/src/lib.rs
assertion_line: 88
expression: "2 2\n"

---
Root@0..4
  Literal@0..2
    Number@0..1 "2"
    Whitespace@1..2 " "
  Number@2..3 "2"
  Whitespace@3..4 "\n"
===
Custom { error: "unexpected input after expression", range: 2..3 }
===
  [38;2;255;30;30mÃ—[0m syntax error
   â•­â”€â”€â”€â”€
 [2m1[0m â”‚ 2 2
   Â· [38;2;246;87;248m  â”¬[0m
   Â·   [38;2;246;87;248mâ•°â”€â”€ [38;2;246;87;248munexpected input after expression[0m[0m
   â•°â”€â”€â”€â”€

