---
source: crates/jrsonnet-rowan-parser/src/tests.rs
expression: "+ 2\n"
---
SOURCE_FILE@0..2
  PLUS@0..1 "+"
  WHITESPACE@1..2 " "
===
Missing { expected: Named("value"), offset: 0 }
Custom { error: "unexpected input after expression", range: 0..1 }
===
  x syntax error
   ,----
 1 | + 2
   : ^
   : |`-- unexpected input after expression
   : `-- missing value
   `----

