---
source: crates/jrsonnet-rowan-parser/src/lib.rs
assertion_line: 88
expression: "a +\n"

---
Root@0..4
  BinOp@0..4
    Ident@0..2
      Ident@0..1 "a"
      Whitespace@1..2 " "
    OpPlus@2..3 "+"
    Whitespace@3..4 "\n"
===
Missing { expected: Named("value"), offset: 3 }
===
  [38;2;255;30;30mÃ—[0m syntax error
   â•­â”€â”€â”€â”€
 [2m1[0m â”‚ a +
   Â· [38;2;246;87;248m   â–²[0m
   Â·    [38;2;246;87;248mâ•°â”€â”€ [38;2;246;87;248mmissing value[0m[0m
   â•°â”€â”€â”€â”€

