---
source: crates/jrsonnet-rowan-parser/src/tests.rs
expression: "{\n\ta: 1;\n\tb: 2;\n}\n"
---
SOURCE_FILE@0..10
  OBJ_BODY@0..7
    L_BRACE@0..1 "{"
    WHITESPACE@1..3 "\n\t"
    MEMBER@3..7
      IDENT@3..4 "a"
      COLON@4..5 ":"
      WHITESPACE@5..6 " "
      EXPR_NUMBER@6..7
        NUMBER@6..7 "1"
  SEMI@7..8 ";"
  WHITESPACE@8..10 "\n\t"
===
Missing { expected: Unnamed(R_BRACE), offset: 7 }
Custom { error: "unexpected input after expression", range: 7..8 }
===
  x syntax error
   ,-[1:1]
 1 | {
 2 | 	a: 1;
   :      ^
   :      |`-- unexpected input after expression
   :      `-- missing R_BRACE
 3 | 	b: 2;
   `----

